app/batch-add-friends.tsx(26,40): error TS2339: Property 'id' does not exist on type 'Contact'.
app/batch-add-friends.tsx(71,72): error TS2339: Property 'id' does not exist on type 'Contact'.
app/batch-add-friends.tsx(83,32): error TS2339: Property 'id' does not exist on type 'Contact'.
app/batch-add-friends.tsx(90,73): error TS2339: Property 'id' does not exist on type 'Contact'.
app/batch-add-friends.tsx(95,32): error TS2339: Property 'id' does not exist on type 'Contact'.
app/batch-add-friends.tsx(159,24): error TS2339: Property 'id' does not exist on type 'Contact'.
src/modules/auth/components/FeedbackModal.tsx(59,14): error TS2551: Property 'captureUserFeedback' does not exist on type 'typeof import("/Users/DITcart/Desktop/Programs/WeaveNative/node_modules/@sentry/react-native/dist/js/index")'. Did you mean 'captureFeedback'?
src/modules/intelligence/components/archetypes/ArchetypeCarouselPicker.tsx(93,21): error TS2694: Namespace '"/Users/DITcart/Desktop/Programs/WeaveNative/node_modules/react-native-reanimated/lib/typescript/Animated"' has no exported member 'SharedValue'.
src/modules/interactions/components/plan-wizard/PlanWizardStep2.tsx(40,28): error TS2554: Expected 1 arguments, but got 0.
src/modules/interactions/components/PlannedWeaveDetailSheet.tsx(288,47): error TS7006: Parameter 'text' implicitly has an 'any' type.
src/modules/interactions/services/event-scanner.ts(327,11): error TS2322: Type 'string | null' is not assignable to type 'string | undefined'.
  Type 'null' is not assignable to type 'string | undefined'.
src/modules/journal/components/GuidedReflection/GuidedReflectionSheet.tsx(330,33): error TS2322: Type 'RefObject<TextInput | null>' is not assignable to type 'RefObject<TextInput>'.
  Type 'TextInput | null' is not assignable to type 'TextInput'.
    Type 'null' is not assignable to type 'TextInput'.
src/modules/journal/components/GuidedReflection/GuidedReflectionSheet.tsx(346,33): error TS2322: Type 'RefObject<TextInput | null>' is not assignable to type 'RefObject<TextInput>'.
  Type 'TextInput | null' is not assignable to type 'TextInput'.
    Type 'null' is not assignable to type 'TextInput'.
src/modules/journal/components/Journal/JournalFeed.tsx(360,17): error TS2322: Type '{ data: JournalFeedItem[]; renderItem: ({ item, index }: ListRenderItemInfo<JournalFeedItem>) => Element; estimatedItemSize: number; contentContainerStyle: { ...; }; showsVerticalScrollIndicator: false; refreshControl: Element; ListFooterComponent: Element; }' is not assignable to type 'IntrinsicAttributes & FlashListProps<JournalFeedItem> & { ref?: Ref<FlashListRef<JournalFeedItem>> | undefined; }'.
  Property 'estimatedItemSize' does not exist on type 'IntrinsicAttributes & FlashListProps<JournalFeedItem> & { ref?: Ref<FlashListRef<JournalFeedItem>> | undefined; }'.
src/modules/messaging/components/ContactLinker.tsx(104,49): error TS2339: Property 'id' does not exist on type 'Contact'.
src/modules/notifications/services/notification-orchestrator.ts(67,17): error TS2322: Type '(notification: Notification) => Promise<{ shouldShowAlert: true; shouldPlaySound: true; shouldSetBadge: true; } | { shouldShowAlert: false; shouldPlaySound: false; shouldSetBadge: false; }>' is not assignable to type '(notification: Notification) => Promise<NotificationBehavior>'.
  Type 'Promise<{ shouldShowAlert: true; shouldPlaySound: true; shouldSetBadge: true; } | { shouldShowAlert: false; shouldPlaySound: false; shouldSetBadge: false; }>' is not assignable to type 'Promise<NotificationBehavior>'.
    Type '{ shouldShowAlert: true; shouldPlaySound: true; shouldSetBadge: true; } | { shouldShowAlert: false; shouldPlaySound: false; shouldSetBadge: false; }' is not assignable to type 'NotificationBehavior'.
      Type '{ shouldShowAlert: true; shouldPlaySound: true; shouldSetBadge: true; }' is missing the following properties from type 'NotificationBehavior': shouldShowBanner, shouldShowList
src/modules/oracle/components/ConversationHistoryList.tsx(76,17): error TS2322: Type '{ data: OracleConversation[]; renderItem: ({ item }: { item: OracleConversation; }) => Element; estimatedItemSize: number; keyExtractor: (item: OracleConversation) => string; }' is not assignable to type 'IntrinsicAttributes & FlashListProps<OracleConversation> & { ref?: Ref<FlashListRef<OracleConversation>> | undefined; }'.
  Property 'estimatedItemSize' does not exist on type 'IntrinsicAttributes & FlashListProps<OracleConversation> & { ref?: Ref<FlashListRef<OracleConversation>> | undefined; }'.
src/modules/relationships/components/DuplicateResolverModal.tsx(40,48): error TS2339: Property 'id' does not exist on type 'Contact'.
src/modules/relationships/components/FriendManagementModal.tsx(180,21): error TS7006: Parameter 'item' implicitly has an 'any' type.
src/modules/relationships/components/FriendSearchResults.tsx(244,9): error TS2322: Type '{ contentContainerStyle: { paddingHorizontal: number; paddingVertical: number; }; data: Friend[]; estimatedItemSize: number; keyExtractor: (item: any) => any; scrollEnabled: boolean; ... 4 more ...; keyboardShouldPersistTaps: "handled"; }' is not assignable to type 'IntrinsicAttributes & RestProps<FlashListProps<unknown> & { ref?: Ref<FlashListRef<unknown>> | undefined; }> & AnimatedStyleProps<...> & LayoutProps & { ...; }'.
  Property 'estimatedItemSize' does not exist on type 'IntrinsicAttributes & RestProps<FlashListProps<unknown> & { ref?: Ref<FlashListRef<unknown>> | undefined; }> & AnimatedStyleProps<...> & LayoutProps & { ...; }'.
src/modules/relationships/components/FriendTierList.tsx(148,17): error TS2322: Type '{ contentContainerStyle: { paddingHorizontal: number; paddingVertical: number; }; data: Friend[]; estimatedItemSize: number; keyExtractor: (item: any) => any; scrollEnabled: boolean; ... 4 more ...; keyboardShouldPersistTaps: "handled"; }' is not assignable to type 'IntrinsicAttributes & RestProps<FlashListProps<unknown> & { ref?: Ref<FlashListRef<unknown>> | undefined; }> & AnimatedStyleProps<...> & LayoutProps & { ...; }'.
  Property 'estimatedItemSize' does not exist on type 'IntrinsicAttributes & RestProps<FlashListProps<unknown> & { ref?: Ref<FlashListRef<unknown>> | undefined; }> & AnimatedStyleProps<...> & LayoutProps & { ...; }'.
src/modules/sync/components/PendingWeavesSheet.tsx(110,17): error TS2322: Type '{ data: SharedWeaveData[]; renderItem: ({ item }: ListRenderItemInfo<SharedWeaveData>) => Element; estimatedItemSize: number; keyExtractor: (item: SharedWeaveData) => string; contentContainerStyle: { ...; }; }' is not assignable to type 'IntrinsicAttributes & FlashListProps<SharedWeaveData> & { ref?: Ref<FlashListRef<SharedWeaveData>> | undefined; }'.
  Property 'estimatedItemSize' does not exist on type 'IntrinsicAttributes & FlashListProps<SharedWeaveData> & { ref?: Ref<FlashListRef<SharedWeaveData>> | undefined; }'.
src/shared/components/onboarding/ContactPickerGrid.tsx(213,50): error TS2339: Property 'id' does not exist on type 'Contact'.
src/shared/components/onboarding/ContactPickerGrid.tsx(213,87): error TS2339: Property 'id' does not exist on type 'Contact'.
src/shared/components/onboarding/ContactPickerGrid.tsx(252,58): error TS2339: Property 'id' does not exist on type 'Contact'.
src/shared/components/onboarding/ContactPickerGrid.tsx(252,88): error TS2339: Property 'id' does not exist on type 'Contact'.
src/shared/components/onboarding/ContactPickerGrid.tsx(264,26): error TS2339: Property 'id' does not exist on type 'Contact'.
src/shared/components/onboarding/ContactPickerGrid.tsx(264,65): error TS2339: Property 'id' does not exist on type 'Contact'.
src/shared/components/onboarding/ContactPickerGrid.tsx(265,28): error TS2339: Property 'id' does not exist on type 'Contact'.
src/shared/components/onboarding/ContactPickerGrid.tsx(265,59): error TS2339: Property 'id' does not exist on type 'Contact'.
src/shared/components/onboarding/ContactPickerGrid.tsx(376,47): error TS2339: Property 'id' does not exist on type 'Contact'.
src/shared/components/onboarding/ContactPickerGrid.tsx(379,11): error TS2322: Type '{ data: Contact[]; numColumns: number; keyExtractor: (item: Contact, index: number) => any; renderItem: ({ item }: { item: Contact; }) => Element; contentContainerStyle: { ...; }; estimatedItemSize: number; extraData: string[]; }' is not assignable to type 'IntrinsicAttributes & FlashListProps<Contact> & { ref?: Ref<FlashListRef<Contact>> | undefined; }'.
  Property 'estimatedItemSize' does not exist on type 'IntrinsicAttributes & FlashListProps<Contact> & { ref?: Ref<FlashListRef<Contact>> | undefined; }'.
src/shared/ui/CachedImage.tsx(51,48): error TS18047: 'source' is possibly 'null'.
